(myenv) kriminel@pop-os:~/Documents/Code/nigel$ ^C
(myenv) kriminel@pop-os:~/Documents/Code/nigel$ mkdir migel
(myenv) kriminel@pop-os:~/Documents/Code/nigel$ mv migel nigel
(myenv) kriminel@pop-os:~/Documents/Code/nigel$ ls
chats  history  myenv  nigel  README.md  wsgi.py
(myenv) kriminel@pop-os:~/Documents/Code/nigel$ pyton
pyton: command not found
(myenv) kriminel@pop-os:~/Documents/Code/nigel$ python
Python 3.8.18 (default, Oct  2 2023, 19:30:04) 
[GCC 11.4.0] on linux
Type "help", "copyright", "credits" or "license" for more information.
>>> import flask
>>> flask
<module 'flask' from '/home/kriminel/Documents/Code/nigel/myenv/lib/python3.8/site-packages/flask/__init__.py'>
>>> 
(myenv) kriminel@pop-os:~/Documents/Code/nigel$ python
Python 3.8.18 (default, Oct  2 2023, 19:30:04) 
[GCC 11.4.0] on linux
Type "help", "copyright", "credits" or "license" for more information.
>>> import SQLAlchemy
Traceback (most recent call last):
  File "<stdin>", line 1, in <module>
ModuleNotFoundError: No module named 'SQLAlchemy'
>>> import flask_sqlalchemy
Traceback (most recent call last):
  File "<stdin>", line 1, in <module>
ModuleNotFoundError: No module named 'flask_sqlalchemy'
>>> 
(myenv) kriminel@pop-os:~/Documents/Code/nigel$ pip -freeze > requirements.txt

Usage:   
  pip <command> [options]

no such option: -f
(myenv) kriminel@pop-os:~/Documents/Code/nigel$ pip freeze > requirements.txt
(myenv) kriminel@pop-os:~/Documents/Code/nigel$ pip install -U Flask-SQLAlchemy
Collecting Flask-SQLAlchemy
  Downloading flask_sqlalchemy-3.1.1-py3-none-any.whl (25 kB)
Requirement already satisfied: sqlalchemy>=2.0.16 in ./myenv/lib/python3.8/site-packages (from Flask-SQLAlchemy) (2.0.21)
Requirement already satisfied: flask>=2.2.5 in ./myenv/lib/python3.8/site-packages (from Flask-SQLAlchemy) (3.0.0)
Requirement already satisfied: itsdangerous>=2.1.2 in ./myenv/lib/python3.8/site-packages (from flask>=2.2.5->Flask-SQLAlchemy) (2.1.2)
Requirement already satisfied: blinker>=1.6.2 in ./myenv/lib/python3.8/site-packages (from flask>=2.2.5->Flask-SQLAlchemy) (1.6.2)
Requirement already satisfied: Werkzeug>=3.0.0 in ./myenv/lib/python3.8/site-packages (from flask>=2.2.5->Flask-SQLAlchemy) (3.0.0)
Requirement already satisfied: importlib-metadata>=3.6.0 in ./myenv/lib/python3.8/site-packages (from flask>=2.2.5->Flask-SQLAlchemy) (6.8.0)
Requirement already satisfied: click>=8.1.3 in ./myenv/lib/python3.8/site-packages (from flask>=2.2.5->Flask-SQLAlchemy) (8.1.7)
Requirement already satisfied: Jinja2>=3.1.2 in ./myenv/lib/python3.8/site-packages (from flask>=2.2.5->Flask-SQLAlchemy) (3.1.2)
Requirement already satisfied: typing-extensions>=4.2.0 in ./myenv/lib/python3.8/site-packages (from sqlalchemy>=2.0.16->Flask-SQLAlchemy) (4.8.0)
Requirement already satisfied: greenlet!=0.4.17 in ./myenv/lib/python3.8/site-packages (from sqlalchemy>=2.0.16->Flask-SQLAlchemy) (3.0.0)
Requirement already satisfied: zipp>=0.5 in ./myenv/lib/python3.8/site-packages (from importlib-metadata>=3.6.0->flask>=2.2.5->Flask-SQLAlchemy) (3.17.0)
Requirement already satisfied: MarkupSafe>=2.0 in ./myenv/lib/python3.8/site-packages (from Jinja2>=3.1.2->flask>=2.2.5->Flask-SQLAlchemy) (2.1.3)
Installing collected packages: Flask-SQLAlchemy
Successfully installed Flask-SQLAlchemy-3.1.1

[notice] A new release of pip is available: 23.0.1 -> 23.2.1
[notice] To update, run: pip install --upgrade pip
(myenv) kriminel@pop-os:~/Documents/Code/nigel$ pip freeze > requirements.txt
(myenv) kriminel@pop-os:~/Documents/Code/nigel$ python
Python 3.8.18 (default, Oct  2 2023, 19:30:04) 
[GCC 11.4.0] on linux
Type "help", "copyright", "credits" or "license" for more information.
>>> import flask
>>> import flask_sqlalchemy
>>> 
(myenv) kriminel@pop-os:~/Documents/Code/nigel$ uwsgi --http :8000 --wsgi-file wsgi.py 
Command 'uwsgi' not found, but can be installed with:
sudo apt install uwsgi-core                   # version 2.0.20-4, or (You will have to enable component called 'universe')
sudo apt install uwsgi-plugin-alarm-curl      # version 2.0.20-4 (You will have to enable component called 'universe')
sudo apt install uwsgi-plugin-alarm-xmpp      # version 2.0.20-4 (You will have to enable component called 'universe')
sudo apt install uwsgi-plugin-curl-cron       # version 2.0.20-4 (You will have to enable component called 'universe')
sudo apt install uwsgi-plugin-emperor-pg      # version 2.0.20-4 (You will have to enable component called 'universe')
sudo apt install uwsgi-plugin-gccgo           # version 2.0.20-4 (You will have to enable component called 'universe')
sudo apt install uwsgi-plugin-geoip           # version 2.0.20-4 (You will have to enable component called 'universe')
sudo apt install uwsgi-plugin-glusterfs       # version 2.0.20-4 (You will have to enable component called 'universe')
sudo apt install uwsgi-plugin-graylog2        # version 2.0.20-4 (You will have to enable component called 'universe')
sudo apt install uwsgi-plugin-jvm-openjdk-11  # version 2.0.20-4 (You will have to enable component called 'universe')
sudo apt install uwsgi-plugin-ldap            # version 2.0.20-4 (You will have to enable component called 'universe')
sudo apt install uwsgi-plugin-lua5.1          # version 2.0.20-4 (You will have to enable component called 'universe')
sudo apt install uwsgi-plugin-lua5.2          # version 2.0.20-4 (You will have to enable component called 'universe')
sudo apt install uwsgi-plugin-luajit          # version 2.0.20+2+ubuntu3+0.0.7build1 (You will have to enable component called 'universe')
sudo apt install uwsgi-plugin-mono            # version 2.0.20-4 (You will have to enable component called 'universe')
sudo apt install uwsgi-plugin-psgi            # version 2.0.20-4 (You will have to enable component called 'universe')
sudo apt install uwsgi-plugin-python3         # version 2.0.20-4 (You will have to enable component called 'universe')
sudo apt install uwsgi-plugin-rack-ruby3.0    # version 2.0.20-4 (You will have to enable component called 'universe')
sudo apt install uwsgi-plugin-rados           # version 2.0.20-4 (You will have to enable component called 'universe')
sudo apt install uwsgi-plugin-router-access   # version 2.0.20-4 (You will have to enable component called 'universe')
sudo apt install uwsgi-plugin-sqlite3         # version 2.0.20-4 (You will have to enable component called 'universe')
sudo apt install uwsgi-plugin-xslt            # version 2.0.20-4 (You will have to enable component called 'universe')
(myenv) kriminel@pop-os:~/Documents/Code/nigel$ gunicorn
Command 'gunicorn' not found, but can be installed with:
sudo apt install gunicorn
(myenv) kriminel@pop-os:~/Documents/Code/nigel$ flask run
Usage: flask run [OPTIONS]
Try 'flask run --help' for help.

Error: Failed to find Flask application or factory in module 'wsgi'. Use 'wsgi:name' to specify one.
(myenv) kriminel@pop-os:~/Documents/Code/nigel$ cd nigel/
(myenv) kriminel@pop-os:~/Documents/Code/nigel/nigel$ flask run
 * Debug mode: off
WARNING: This is a development server. Do not use it in a production deployment. Use a production WSGI server instead.
 * Running on http://127.0.0.1:5000
Press CTRL+C to quit
^C(myenv) kriminel@pop-os:~/Documents/Code/nigel/nigel$ flask run
 * Debug mode: off
WARNING: This is a development server. Do not use it in a production deployment. Use a production WSGI server instead.
 * Running on http://127.0.0.1:5000
Press CTRL+C to quit
[2023-10-04 20:04:57,428] ERROR in app: Exception on / [GET]
Traceback (most recent call last):
  File "/home/kriminel/Documents/Code/nigel/myenv/lib/python3.8/site-packages/sqlalchemy/engine/base.py", line 1965, in _exec_single_context
    self.dialect.do_execute(
  File "/home/kriminel/Documents/Code/nigel/myenv/lib/python3.8/site-packages/sqlalchemy/engine/default.py", line 921, in do_execute
    cursor.execute(statement, parameters)
sqlite3.OperationalError: no such table: post

The above exception was the direct cause of the following exception:

Traceback (most recent call last):
  File "/home/kriminel/Documents/Code/nigel/myenv/lib/python3.8/site-packages/flask/app.py", line 1455, in wsgi_app
    response = self.full_dispatch_request()
  File "/home/kriminel/Documents/Code/nigel/myenv/lib/python3.8/site-packages/flask/app.py", line 869, in full_dispatch_request
    rv = self.handle_user_exception(e)
  File "/home/kriminel/Documents/Code/nigel/myenv/lib/python3.8/site-packages/flask/app.py", line 867, in full_dispatch_request
    rv = self.dispatch_request()
  File "/home/kriminel/Documents/Code/nigel/myenv/lib/python3.8/site-packages/flask/app.py", line 852, in dispatch_request
    return self.ensure_sync(self.view_functions[rule.endpoint])(**view_args)
  File "/home/kriminel/Documents/Code/nigel/nigel/app.py", line 15, in home
    posts = Post.query.all()
  File "/home/kriminel/Documents/Code/nigel/myenv/lib/python3.8/site-packages/sqlalchemy/orm/query.py", line 2688, in all
    return self._iter().all()  # type: ignore
  File "/home/kriminel/Documents/Code/nigel/myenv/lib/python3.8/site-packages/sqlalchemy/orm/query.py", line 2842, in _iter
    result: Union[ScalarResult[_T], Result[_T]] = self.session.execute(
  File "/home/kriminel/Documents/Code/nigel/myenv/lib/python3.8/site-packages/sqlalchemy/orm/session.py", line 2262, in execute
    return self._execute_internal(
  File "/home/kriminel/Documents/Code/nigel/myenv/lib/python3.8/site-packages/sqlalchemy/orm/session.py", line 2144, in _execute_internal
    result: Result[Any] = compile_state_cls.orm_execute_statement(
  File "/home/kriminel/Documents/Code/nigel/myenv/lib/python3.8/site-packages/sqlalchemy/orm/context.py", line 293, in orm_execute_statement
    result = conn.execute(
  File "/home/kriminel/Documents/Code/nigel/myenv/lib/python3.8/site-packages/sqlalchemy/engine/base.py", line 1412, in execute
    return meth(
  File "/home/kriminel/Documents/Code/nigel/myenv/lib/python3.8/site-packages/sqlalchemy/sql/elements.py", line 516, in _execute_on_connection
    return connection._execute_clauseelement(
  File "/home/kriminel/Documents/Code/nigel/myenv/lib/python3.8/site-packages/sqlalchemy/engine/base.py", line 1635, in _execute_clauseelement
    ret = self._execute_context(
  File "/home/kriminel/Documents/Code/nigel/myenv/lib/python3.8/site-packages/sqlalchemy/engine/base.py", line 1844, in _execute_context
    return self._exec_single_context(
  File "/home/kriminel/Documents/Code/nigel/myenv/lib/python3.8/site-packages/sqlalchemy/engine/base.py", line 1984, in _exec_single_context
    self._handle_dbapi_exception(
  File "/home/kriminel/Documents/Code/nigel/myenv/lib/python3.8/site-packages/sqlalchemy/engine/base.py", line 2339, in _handle_dbapi_exception
    raise sqlalchemy_exception.with_traceback(exc_info[2]) from e
  File "/home/kriminel/Documents/Code/nigel/myenv/lib/python3.8/site-packages/sqlalchemy/engine/base.py", line 1965, in _exec_single_context
    self.dialect.do_execute(
  File "/home/kriminel/Documents/Code/nigel/myenv/lib/python3.8/site-packages/sqlalchemy/engine/default.py", line 921, in do_execute
    cursor.execute(statement, parameters)
sqlalchemy.exc.OperationalError: (sqlite3.OperationalError) no such table: post
[SQL: SELECT post.id AS post_id, post.title AS post_title, post.content AS post_content 
FROM post]
(Background on this error at: https://sqlalche.me/e/20/e3q8)
127.0.0.1 - - [04/Oct/2023 20:04:57] "GET / HTTP/1.1" 500 -
127.0.0.1 - - [04/Oct/2023 20:04:57] "GET /favicon.ico HTTP/1.1" 404 -
^C(myenv) kriminel@pop-os:~/Documents/Code/nigel/nigel$ cd ..
(myenv) kriminel@pop-os:~/Documents/Code/nigel$ flask run
Usage: flask run [OPTIONS]
Try 'flask run --help' for help.

Error: Failed to find Flask application or factory in module 'wsgi'. Use 'wsgi:name' to specify one.
(myenv) kriminel@pop-os:~/Documents/Code/nigel$ flask run wsgi.py 
Usage: flask run [OPTIONS]
Try 'flask run --help' for help.

Error: Got unexpected extra argument (wsgi.py)
(myenv) kriminel@pop-os:~/Documents/Code/nigel$ 